// Jest Snapshot v1, https://goo.gl/fbAQLP

exports[`ProductTitle mostrar el componente con el nombre del producto 1 1`] = `
<div
  className="productCard undefined"
>
  <span
    className="productDescription undefined"
  >
    Coffe Mug - Card
  </span>
</div>
`;

exports[`ProductTitle mostrar el componente con el título personalizado 1`] = `
<span
  className="productDescription custom-class"
>
  Custom Product
</span>
`;
